<div class="foo"> <h1>Minified</h1> <pre>lala
lol
  </pre> </div>