<wrapped id="actual/wrappedAdv.html">
<div class="foo">
  <h1>Wrap</h1>
</div>
</wrapped>