<wrapped id="source/main.html">
<div class="foo">
  <h1>WrapReplace</h1>
</div>
</wrapped>