<wrapped id="actual/wrappedConcat.html">
<div class="foo">
</wrapped>
<wrapped id="actual/wrappedConcat.html">
  <h1>WrapConcat</h1>
</div>
</wrapped>